

================================================================
== Vivado HLS Report for 'decoder_2to4'
================================================================
* Date:           Thu Apr 10 16:51:40 2025

* Version:        2015.4 (Build 1412921 on Wed Nov 18 09:58:55 AM 2015)
* Project:        decoder_2to4
* Solution:       solution1
* Product family: zynq
* Target device:  xc7z020clg484-1


================================================================
== Performance Estimates
================================================================
+ Timing (ns): 
    * Summary: 
    +--------+-------+----------+------------+
    |  Clock | Target| Estimated| Uncertainty|
    +--------+-------+----------+------------+
    |ap_clk  |  10.00|      1.88|        1.25|
    +--------+-------+----------+------------+

+ Latency (clock cycles): 
    * Summary: 
    +-----+-----+-----+-----+---------+
    |  Latency  |  Interval | Pipeline|
    | min | max | min | max |   Type  |
    +-----+-----+-----+-----+---------+
    |    0|    0|    1|    1|   none  |
    +-----+-----+-----+-----+---------+

    + Detail: 
        * Instance: 
        +------------------------------------+------------------------+-----+-----+-----+-----+---------+
        |                                    |                        |  Latency  |  Interval | Pipeline|
        |              Instance              |         Module         | min | max | min | max |   Type  |
        +------------------------------------+------------------------+-----+-----+-----+-----+---------+
        |stg_7_decoder_2to4_do_decode_fu_34  |decoder_2to4_do_decode  |    0|    0|    0|    0|   none  |
        +------------------------------------+------------------------+-----+-----+-----+-----+---------+

        * Loop: 
        N/A



================================================================
== Utilization Estimates
================================================================
* Summary: 
+-----------------+---------+-------+--------+-------+
|       Name      | BRAM_18K| DSP48E|   FF   |  LUT  |
+-----------------+---------+-------+--------+-------+
|DSP              |        -|      -|       -|      -|
|Expression       |        -|      -|       -|      -|
|FIFO             |        -|      -|       -|      -|
|Instance         |        -|      -|       -|      4|
|Memory           |        -|      -|       -|      -|
|Multiplexer      |        -|      -|       -|      -|
|Register         |        -|      -|       -|      -|
+-----------------+---------+-------+--------+-------+
|Total            |        0|      0|       0|      4|
+-----------------+---------+-------+--------+-------+
|Available        |      280|    220|  106400|  53200|
+-----------------+---------+-------+--------+-------+
|Utilization (%)  |        0|      0|       0|   ~0  |
+-----------------+---------+-------+--------+-------+

+ Detail: 
    * Instance: 
    +------------------------------------+------------------------+---------+-------+---+----+
    |              Instance              |         Module         | BRAM_18K| DSP48E| FF| LUT|
    +------------------------------------+------------------------+---------+-------+---+----+
    |stg_7_decoder_2to4_do_decode_fu_34  |decoder_2to4_do_decode  |        0|      0|  0|   4|
    +------------------------------------+------------------------+---------+-------+---+----+
    |Total                               |                        |        0|      0|  0|   4|
    +------------------------------------+------------------------+---------+-------+---+----+

    * DSP48: 
    N/A

    * Memory: 
    N/A

    * FIFO: 
    N/A

    * Expression: 
    N/A

    * Multiplexer: 
    N/A

    * Register: 
    N/A



================================================================
== Interface
================================================================
* Summary: 
+----------+-----+-----+---------+--------------+---------+
| RTL Ports| Dir | Bits| Protocol| Source Object|  C Type |
+----------+-----+-----+---------+--------------+---------+
|din       |  in |    2| ap_none |      din     | pointer |
|dout      | out |    4|  ap_vld |     dout     | pointer |
+----------+-----+-----+---------+--------------+---------+

