

================================================================
== Vivado HLS Report for 'counter_4bit_process'
================================================================
* Date:           Thu Apr 17 14:01:07 2025

* Version:        2015.4 (Build 1412921 on Wed Nov 18 09:58:55 AM 2015)
* Project:        counter_4bit
* Solution:       solution1
* Product family: zynq
* Target device:  xc7z020clg484-1


================================================================
== Performance Estimates
================================================================
+ Timing (ns): 
    * Summary: 
    +--------+-------+----------+------------+
    |  Clock | Target| Estimated| Uncertainty|
    +--------+-------+----------+------------+
    |ap_clk  |  10.00|      1.88|        1.25|
    +--------+-------+----------+------------+

+ Latency (clock cycles): 
    * Summary: 
    +-----+-----+-----+-----+---------+
    |  Latency  |  Interval | Pipeline|
    | min | max | min | max |   Type  |
    +-----+-----+-----+-----+---------+
    |    0|    0|    0|    0|   none  |
    +-----+-----+-----+-----+---------+

    + Detail: 
        * Instance: 
        N/A

        * Loop: 
        N/A



================================================================
== Utilization Estimates
================================================================
* Summary: 
+-----------------+---------+-------+--------+-------+
|       Name      | BRAM_18K| DSP48E|   FF   |  LUT  |
+-----------------+---------+-------+--------+-------+
|DSP              |        -|      -|       -|      -|
|Expression       |        -|      -|       0|     14|
|FIFO             |        -|      -|       -|      -|
|Instance         |        -|      -|       -|      -|
|Memory           |        -|      -|       -|      -|
|Multiplexer      |        -|      -|       -|      4|
|Register         |        -|      -|       -|      -|
+-----------------+---------+-------+--------+-------+
|Total            |        0|      0|       0|     18|
+-----------------+---------+-------+--------+-------+
|Available        |      280|    220|  106400|  53200|
+-----------------+---------+-------+--------+-------+
|Utilization (%)  |        0|      0|       0|   ~0  |
+-----------------+---------+-------+--------+-------+

+ Detail: 
    * Instance: 
    N/A

    * DSP48: 
    N/A

    * Memory: 
    N/A

    * FIFO: 
    N/A

    * Expression: 
    +-----------------+----------+-------+---+----+------------+------------+
    |  Variable Name  | Operation| DSP48E| FF| LUT| Bitwidth P0| Bitwidth P1|
    +-----------------+----------+-------+---+----+------------+------------+
    |grp_fu_115_p2    |     +    |      0|  0|   4|           4|           1|
    |grp_fu_122_p2    |     +    |      0|  0|   4|           4|           2|
    |tmp_4_fu_141_p2  |   icmp   |      0|  0|   2|           4|           1|
    |tmp_6_fu_135_p2  |   icmp   |      0|  0|   2|           4|           2|
    |tmp_7_fu_129_p2  |   icmp   |      0|  0|   2|           4|           4|
    +-----------------+----------+-------+---+----+------------+------------+
    |Total            |          |      0|  0|  14|          20|          10|
    +-----------------+----------+-------+---+----+------------+------------+

    * Multiplexer: 
    +---------+----+-----------+-----+-----------+
    |   Name  | LUT| Input Size| Bits| Total Bits|
    +---------+----+-----------+-----+-----------+
    |count_o  |   4|          7|    4|         28|
    +---------+----+-----------+-----+-----------+
    |Total    |   4|          7|    4|         28|
    +---------+----+-----------+-----+-----------+

    * Register: 
    N/A



================================================================
== Interface
================================================================
* Summary: 
+----------------+-----+-----+------------+--------------------------------------------------+--------------+
|    RTL Ports   | Dir | Bits|  Protocol  |                   Source Object                  |    C Type    |
+----------------+-----+-----+------------+--------------------------------------------------+--------------+
|ap_clk          |  in |    1| ap_ctrl_hs | counter_4bit::counter_4bit_counter_4bit::process | return value |
|ap_rst          |  in |    1| ap_ctrl_hs | counter_4bit::counter_4bit_counter_4bit::process | return value |
|pe              |  in |    1|   ap_none  |                        pe                        |    pointer   |
|ud              |  in |    1|   ap_none  |                        ud                        |    pointer   |
|bd              |  in |    1|   ap_none  |                        bd                        |    pointer   |
|p               |  in |    4|   ap_none  |                         p                        |    pointer   |
|q               | out |    4|   ap_vld   |                         q                        |    pointer   |
|q_ap_vld        | out |    1|   ap_vld   |                         q                        |    pointer   |
|count_i         |  in |    4|   ap_ovld  |                       count                      |    pointer   |
|count_o         | out |    4|   ap_ovld  |                       count                      |    pointer   |
|count_o_ap_vld  | out |    1|   ap_ovld  |                       count                      |    pointer   |
+----------------+-----+-----+------------+--------------------------------------------------+--------------+

